
> medical-frontend@1.0.0 build
> vite build

[36mvite v5.4.21 [32mbuilding for production...[36m[39m
transforming...
[32mΓ£ô[39m 246 modules transformed.
node.exe : [31mx[39m 
Build failed in 794ms
At C:\Program Files\nod
ejs\npm.ps1:29 char:3
+   & $NODE_EXE 
$NPM_CLI_JS $args
+   ~~~~~~~~~~~~~~~~~~~
~~~~~~~~~~
    + CategoryInfo     
         : NotSpecifi  
  ed: ([31mx[39m B   
 uild failed in 794    
ms:String) [], Rem    
oteException
    + FullyQualifiedEr 
   rorId : NativeComm  
  andError
 
[31merror during 
build:
[31msrc/components/Acc
essLog.jsx (2:9): 
"listenToEvents" is 
not exported by "src/se
rvices/blockchain.js", 
imported by "src/compon
ents/AccessLog.jsx".[3
1m
file: [36mC:/Users/YET
HENDRA SAI/OneDrive/Des
ktop/medical/frontend/s
rc/components/AccessLog
.jsx:2:9[31m
[33m
1: import React, { 
useEffect, useState } 
from "react";
2: import { 
listenToEvents, 
shortenAddress } from "
../services/blockchain"
;
            ^
3: import 
"./AccessLog.css";
[31m
    at getRollupError (
file:///C:/Users/YETHEN
DRA%20SAI/OneDrive/Desk
top/medical/frontend/no
de_modules/rollup/dist/
es/shared/parseAst.js:4
02:41)
    at error (file:///C
:/Users/YETHENDRA%20SAI
/OneDrive/Desktop/medic
al/frontend/node_module
s/rollup/dist/es/shared
/parseAst.js:398:42)
    at Module.error (fi
le:///C:/Users/YETHENDR
A%20SAI/OneDrive/Deskto
p/medical/frontend/node
_modules/rollup/dist/es
/shared/node-entry.js:1
7040:16)
    at 
Module.traceVariable (f
ile:///C:/Users/YETHEND
RA%20SAI/OneDrive/Deskt
op/medical/frontend/nod
e_modules/rollup/dist/e
s/shared/node-entry.js:
17452:29)
    at ModuleScope.find
Variable (file:///C:/Us
ers/YETHENDRA%20SAI/One
Drive/Desktop/medical/f
rontend/node_modules/ro
llup/dist/es/shared/nod
e-entry.js:15070:39)
    at FunctionScope.fi
ndVariable (file:///C:/
Users/YETHENDRA%20SAI/O
neDrive/Desktop/medical
/frontend/node_modules/
rollup/dist/es/shared/n
ode-entry.js:5673:38)
    at FunctionBodyScop
e.findVariable (file://
/C:/Users/YETHENDRA%20S
AI/OneDrive/Desktop/med
ical/frontend/node_modu
les/rollup/dist/es/shar
ed/node-entry.js:5673:3
8)
    at ReturnValueScope
.findVariable (file:///
C:/Users/YETHENDRA%20SA
I/OneDrive/Desktop/medi
cal/frontend/node_modul
es/rollup/dist/es/share
d/node-entry.js:5673:38
)
    at FunctionBodyScop
e.findVariable (file://
/C:/Users/YETHENDRA%20S
AI/OneDrive/Desktop/med
ical/frontend/node_modu
les/rollup/dist/es/shar
ed/node-entry.js:5673:3
8)
    at ReturnValueScope
.findVariable (file:///
C:/Users/YETHENDRA%20SA
I/OneDrive/Desktop/medi
cal/frontend/node_modul
es/rollup/dist/es/share
d/node-entry.js:5673:38
)[39m
